code-name	code	value
北海道	010006	a
北海道	010006	b
愛知県	230006	c
岐阜県	210005	d
