word	2018-07-02	2018-07-09
A	100	
B	80	110
C	120	130
D		50
