word	2018-07-02-score1	2018-07-02-hit	2018-07-09-score1	2018-07-09-hit
A	100	3		
B	80	8	110	9
C	120	100	130	120
D			50	2100
