unixtime	datetime
1518361200	20180212
1518422400	20180212T17
1518425100	20180212T1745
1518425100	20180212T174500
1518361200	2018-02-12
1518422400	2018-02-12T17
1518425100	2018-02-12T17:45
1518425100	2018-02-12T17:45:00
1518425100	2018-02-12 17:45:00
1518361200	2018/02/12
1518425100	2018/02/12 17:45:00
1518274800	2018-02-11
1518447600	2018-02-13
