hour	count	sum	avg
2018-02-25T17	2	0.7	0.35
2018-02-25T18	3	1.5	0.5
2018-02-25T19	2	0.2	0.1
