delta	datetime
	20180212
61200	20180212T17
2700	20180212T1745
0	20180212T174500
-63900	2018-02-12
61200	2018-02-12T17
2700	2018-02-12T17:45
0	2018-02-12T17:45:00
0	2018-02-12 17:45:00
-63900	2018/02/12
63900	2018/02/12 17:45:00
-150300	2018-02-11
172800	2018-02-13
