col1	count	value3		value1	value2	value3;value3	value4	value4;value5
	10	4	1	1	1	1	1	1
aaa	5	2	1	0	1	0	0	1
bbb	4	2	0	1	0	1	0	0
aaa;bbb	1	0	0	0	0	0	1	0
