word	count	false	true	others
ccc	5	2	2	x
bbb	3	0	3	
aaa	2	1	1	
