id	value1	id	value2
1	A	1	a
2	B	2	b
4	E	
4	F	
5	G	5	g
