column	value	count	ratio
name	aaa	4	 57.14%
name	ccc	2	 28.57%
name	bbb	1	 14.29%
