date	datetime
2018-02-12	20180212
2018-02-12	20180212T17
2018-02-12	20180212T1745
2018-02-12	20180212T174500
2018-02-12	2018-02-12
2018-02-12	2018-02-12T17
2018-02-12	2018-02-12T17:45
2018-02-12	2018-02-12T17:45:00
2018-02-12	2018-02-12 17:45:00
2018-02-12	2018/02/12
2018-02-12	2018/02/12 17:45:00
2018-02-05	2018-02-11
2018-02-12	2018-02-13
