id	querystring	name-list
1	r=xxx	r
2	q=&r=xxx	r
3	q=aaa	q
4	q=aaa&q=bbb&r=xxx	q;q;r
5	q=&q=bbb&r=xxx	q;r
6	q=aaa&q=&r=xxx	q;r
7	q=&q=&r=xxx	r
10	q=a%20b%21c+d%25e%26f%3dg%5ch;i	q
20	r=xxx	r
21	?r=xxx	r
22	foo.html?r=xxx	r
23	http://www.example.com/?r=xxx	r
24	http://www.example.com/foo.html?r=xxx	r
25	https://www.example.com/?r=xxx	r
26	https://www.example.com/foo.html?r=xxx	r
