col1-num	col1-value	col1-count	col1-ratio	col2-num	col2-value	col2-count	col2-ratio
1	aaa	5	 45.45%	1	value3	2	 40.00%
1	aaa	5	 45.45%	2	value1	1	 20.00%
1	aaa	5	 45.45%	3	value2	1	 20.00%
1	aaa	5	 45.45%	4	value4;value5	1	 20.00%
2	bbb	4	 36.36%	1	value3	2	 50.00%
2	bbb	4	 36.36%	2	value1	1	 25.00%
2	bbb	4	 36.36%	3	value3;value3	1	 25.00%
3	aaa;bbb	1	  9.09%	1	value4	1	100.00%
