--- 
+++ 
@@ -3,13 +3,13 @@
 
 010006:value:a
 
-010006:value:b
+010006:value:B
 
 230006:value:c
 
-210005:value:d
+210007:value:d
 
-123456:value:ee
+123456:value:e e
 
 123457:value:f f
 
