--- 
+++ 
@@ -3,9 +3,9 @@
 
 010006:value:a
 
-010006:value:b
+010006:value:B
 
 230006:value:c
 
-210005:value:d
+210007:value:d
 
