col1	col2
aaa	
aaa	value2
aaa	value3
aaa	value3
bbb	value1
bbb	value3
bbb	value3
bbb	value3;value3
aaa	value4
bbb	value4
aaa	value4;value5
