date	url
2018-04-08 15:36:41	https://www.example.com/
2018-04-08 15:36:42	https://www.example.com/1
