id	category	name
1	aa;aa	record1
2	bb;cc;dd;ee	record2
