code	name	kana
060003	山形県	ﾔﾏｶﾞﾀｹﾝ
070009	福島県	ﾌｸｼﾏｹﾝ
080004	茨城県	ｲﾊﾞﾗｷｹﾝ
090000	栃木県	ﾄﾁｷﾞｹﾝ
100005	群馬県	ｸﾞﾝﾏｹﾝ
110001	埼玉県	ｻｲﾀﾏｹﾝ
120006	千葉県	ﾁﾊﾞｹﾝ
130001	東京都	ﾄｳｷｮｳﾄ
140007	神奈川県	ｶﾅｶﾞﾜｹﾝ
150002	新潟県	ﾆｲｶﾞﾀｹﾝ
