code	name	kana
010006	北海道	ﾎｯｶｲﾄﾞｳ
020001	青森県	ｱｵﾓﾘｹﾝ
030007	岩手県	ｲﾜﾃｹﾝ
040002	宮城県	ﾐﾔｷﾞｹﾝ
050008	秋田県	ｱｷﾀｹﾝ
060003	山形県	ﾔﾏｶﾞﾀｹﾝ
070009	福島県	ﾌｸｼﾏｹﾝ
080004	茨城県	ｲﾊﾞﾗｷｹﾝ
090000	栃木県	ﾄﾁｷﾞｹﾝ
100005	群馬県	ｸﾞﾝﾏｹﾝ
