code	name	kana
010006	北海道	ﾎｯｶｲﾄﾞｳ
020001	青森県	ｱｵﾓﾘｹﾝ
030007	岩手県	ｲﾜﾃｹﾝ
040002	宮城県	ﾐﾔｷﾞｹﾝ
050008	秋田県	ｱｷﾀｹﾝ
