id	col1	col3	col4	col7
1	data1	data3	data4	data7
2	data1	data3	data4	data7
