col1	count	value3	value1	value2
	8	5	2	1
aaa	4	2	1	1
bbb	4	3	1	0
